Performing C++ SOURCE FILE Test CMAKE_HAVE_LIBC_PTHREAD failed with the following output:
Change Dir: /home/n3yh3hnii/develop/allthings_paparazzi/paparazzi_main/sw/ground_segment/cockpit_qt/build_appimage/CMakeFiles/CMakeScratch/TryCompile-ZJoDTo

Run Build Command(s):/usr/bin/make -f Makefile cmTC_300c8/fast && /usr/bin/make  -f CMakeFiles/cmTC_300c8.dir/build.make CMakeFiles/cmTC_300c8.dir/build
make[1]: Entering directory '/home/n3yh3hnii/develop/allthings_paparazzi/paparazzi_main/sw/ground_segment/cockpit_qt/build_appimage/CMakeFiles/CMakeScratch/TryCompile-ZJoDTo'
Building CXX object CMakeFiles/cmTC_300c8.dir/src.cxx.o
/usr/local/bin/c++ -DCMAKE_HAVE_LIBC_PTHREAD  -std=gnu++17 -o CMakeFiles/cmTC_300c8.dir/src.cxx.o -c /home/n3yh3hnii/develop/allthings_paparazzi/paparazzi_main/sw/ground_segment/cockpit_qt/build_appimage/CMakeFiles/CMakeScratch/TryCompile-ZJoDTo/src.cxx
Linking CXX executable cmTC_300c8
/usr/bin/cmake -E cmake_link_script CMakeFiles/cmTC_300c8.dir/link.txt --verbose=1
/usr/local/bin/c++ CMakeFiles/cmTC_300c8.dir/src.cxx.o -o cmTC_300c8 
/usr/bin/ld: CMakeFiles/cmTC_300c8.dir/src.cxx.o: in function `main':
src.cxx:(.text+0x2d): undefined reference to `pthread_create'
/usr/bin/ld: src.cxx:(.text+0x39): undefined reference to `pthread_detach'
/usr/bin/ld: src.cxx:(.text+0x45): undefined reference to `pthread_cancel'
/usr/bin/ld: src.cxx:(.text+0x56): undefined reference to `pthread_join'
collect2: error: ld returned 1 exit status
make[1]: *** [CMakeFiles/cmTC_300c8.dir/build.make:99: cmTC_300c8] Error 1
make[1]: Leaving directory '/home/n3yh3hnii/develop/allthings_paparazzi/paparazzi_main/sw/ground_segment/cockpit_qt/build_appimage/CMakeFiles/CMakeScratch/TryCompile-ZJoDTo'
make: *** [Makefile:127: cmTC_300c8/fast] Error 2


Source file was:
#include <pthread.h>

static void* test_func(void* data)
{
  return data;
}

int main(void)
{
  pthread_t thread;
  pthread_create(&thread, NULL, test_func, NULL);
  pthread_detach(thread);
  pthread_cancel(thread);
  pthread_join(thread, NULL);
  pthread_atfork(NULL, NULL, NULL);
  pthread_exit(NULL);

  return 0;
}


